\BOOKMARK [0][-]{chapter.1}{\376\377\000I\000n\000t\000r\000o\000d\000u\000c\000t\000i\000o\000n}{}% 1
\BOOKMARK [1][-]{section.1.1}{\376\377\000B\000a\000c\000k\000g\000r\000o\000u\000n\000d}{chapter.1}% 2
\BOOKMARK [1][-]{section.1.2}{\376\377\000P\000r\000o\000b\000l\000e\000m\000\040\000S\000t\000a\000t\000e\000m\000e\000n\000t}{chapter.1}% 3
\BOOKMARK [1][-]{section.1.3}{\376\377\000R\000e\000s\000e\000a\000r\000c\000h\000\040\000O\000b\000j\000e\000c\000t\000i\000v\000e\000s}{chapter.1}% 4
\BOOKMARK [1][-]{section.1.4}{\376\377\000P\000r\000o\000p\000o\000s\000e\000d\000\040\000M\000e\000t\000h\000o\000d}{chapter.1}% 5
\BOOKMARK [2][-]{subsection.1.4.1}{\376\377\000C\000l\000i\000e\000n\000t\000-\000S\000i\000d\000e\000\040\000L\000o\000c\000a\000l\000i\000z\000a\000t\000i\000o\000n\000:\000\040\000R\000o\000b\000u\000s\000t\000\040\000R\000S\000S\000I\000\040\000M\000u\000l\000t\000i\000l\000a\000t\000e\000r\000a\000t\000i\000o\000n}{section.1.4}% 6
\BOOKMARK [2][-]{subsection.1.4.2}{\376\377\000I\000n\000f\000r\000a\000s\000t\000r\000u\000c\000t\000u\000r\000e\000\040\000S\000e\000l\000f\000-\000L\000o\000c\000a\000l\000i\000z\000a\000t\000i\000o\000n\000:\000\040\000P\000h\000y\000s\000i\000c\000s\000-\000A\000w\000a\000r\000e\000\040\000G\000r\000a\000p\000h\000\040\000C\000o\000n\000v\000o\000l\000u\000t\000i\000o\000n\000a\000l\000\040\000N\000e\000t\000w\000o\000r\000k}{section.1.4}% 7
\BOOKMARK [1][-]{section.1.5}{\376\377\000C\000o\000n\000t\000r\000i\000b\000u\000t\000i\000o\000n\000s}{chapter.1}% 8
\BOOKMARK [1][-]{section.1.6}{\376\377\000T\000h\000e\000s\000i\000s\000\040\000O\000u\000t\000l\000i\000n\000e}{chapter.1}% 9
\BOOKMARK [0][-]{chapter.2}{\376\377\000R\000e\000l\000a\000t\000e\000d\000\040\000W\000o\000r\000k}{}% 10
\BOOKMARK [1][-]{section.2.1}{\376\377\000W\000i\000r\000e\000l\000e\000s\000s\000\040\000P\000o\000s\000i\000t\000i\000o\000n\000i\000n\000g\000\040\000F\000u\000n\000d\000a\000m\000e\000n\000t\000a\000l\000s}{chapter.2}% 11
\BOOKMARK [2][-]{subsection.2.1.1}{\376\377\000S\000i\000g\000n\000a\000l\000\040\000M\000e\000t\000r\000i\000c\000s\000\040\000f\000o\000r\000\040\000D\000i\000s\000t\000a\000n\000c\000e\000\040\000E\000s\000t\000i\000m\000a\000t\000i\000o\000n}{section.2.1}% 12
\BOOKMARK [2][-]{subsection.2.1.2}{\376\377\000W\000h\000y\000\040\000L\000o\000R\000a\000\040\000a\000n\000d\000\040\000R\000S\000S\000I}{section.2.1}% 13
\BOOKMARK [1][-]{section.2.2}{\376\377\000U\000A\000V\000\040\000L\000o\000c\000a\000l\000i\000z\000a\000t\000i\000o\000n\000\040\000A\000p\000p\000r\000o\000a\000c\000h\000e\000s}{chapter.2}% 14
\BOOKMARK [2][-]{subsection.2.2.1}{\376\377\000N\000o\000n\000-\000R\000F\000\040\000M\000e\000t\000h\000o\000d\000s}{section.2.2}% 15
\BOOKMARK [2][-]{subsection.2.2.2}{\376\377\000R\000F\000-\000B\000a\000s\000e\000d\000\040\000U\000A\000V\000\040\000L\000o\000c\000a\000l\000i\000z\000a\000t\000i\000o\000n}{section.2.2}% 16
\BOOKMARK [2][-]{subsection.2.2.3}{\376\377\000P\000o\000s\000i\000t\000i\000o\000n\000i\000n\000g\000\040\000o\000f\000\040\000T\000h\000i\000s\000\040\000W\000o\000r\000k}{section.2.2}% 17
\BOOKMARK [1][-]{section.2.3}{\376\377\000N\000e\000t\000w\000o\000r\000k\000\040\000S\000e\000l\000f\000-\000L\000o\000c\000a\000l\000i\000z\000a\000t\000i\000o\000n}{chapter.2}% 18
\BOOKMARK [2][-]{subsection.2.3.1}{\376\377\000C\000l\000a\000s\000s\000i\000c\000a\000l\000\040\000G\000e\000o\000m\000e\000t\000r\000i\000c\000\040\000M\000e\000t\000h\000o\000d\000s}{section.2.3}% 19
\BOOKMARK [2][-]{subsection.2.3.2}{\376\377\000D\000a\000t\000a\000-\000D\000r\000i\000v\000e\000n\000\040\000M\000e\000t\000h\000o\000d\000s}{section.2.3}% 20
\BOOKMARK [2][-]{subsection.2.3.3}{\376\377\000G\000r\000a\000p\000h\000\040\000N\000e\000u\000r\000a\000l\000\040\000N\000e\000t\000w\000o\000r\000k\000s\000\040\000f\000o\000r\000\040\000L\000o\000c\000a\000l\000i\000z\000a\000t\000i\000o\000n}{section.2.3}% 21
\BOOKMARK [2][-]{subsection.2.3.4}{\376\377\000P\000o\000s\000i\000t\000i\000o\000n\000i\000n\000g\000\040\000o\000f\000\040\000T\000h\000i\000s\000\040\000W\000o\000r\000k}{section.2.3}% 22
\BOOKMARK [1][-]{section.2.4}{\376\377\000S\000u\000m\000m\000a\000r\000y}{chapter.2}% 23
\BOOKMARK [0][-]{chapter.3}{\376\377\000S\000y\000s\000t\000e\000m\000\040\000A\000r\000c\000h\000i\000t\000e\000c\000t\000u\000r\000e}{}% 24
\BOOKMARK [1][-]{section.3.1}{\376\377\000D\000e\000s\000i\000g\000n\000\040\000G\000o\000a\000l\000s\000\040\000a\000n\000d\000\040\000P\000r\000i\000n\000c\000i\000p\000l\000e\000s}{chapter.3}% 25
\BOOKMARK [2][-]{subsection.3.1.1}{\376\377\000A\000s\000y\000m\000m\000e\000t\000r\000i\000c\000\040\000C\000o\000m\000m\000u\000n\000i\000c\000a\000t\000i\000o\000n\000\040\000M\000o\000d\000e\000l}{section.3.1}% 26
\BOOKMARK [1][-]{section.3.2}{\376\377\000I\000n\000f\000r\000a\000s\000t\000r\000u\000c\000t\000u\000r\000e\000\040\000S\000e\000g\000m\000e\000n\000t}{chapter.3}% 27
\BOOKMARK [2][-]{subsection.3.2.1}{\376\377\000B\000e\000a\000c\000o\000n\000\040\000H\000a\000r\000d\000w\000a\000r\000e}{section.3.2}% 28
\BOOKMARK [2][-]{subsection.3.2.2}{\376\377\000O\000p\000e\000r\000a\000t\000i\000n\000g\000\040\000M\000o\000d\000e\000s}{section.3.2}% 29
\BOOKMARK [2][-]{subsection.3.2.3}{\376\377\000E\000n\000e\000r\000g\000y\000\040\000M\000a\000n\000a\000g\000e\000m\000e\000n\000t\000\040\000\050\000O\000p\000t\000i\000o\000n\000a\000l\000\051}{section.3.2}% 30
\BOOKMARK [1][-]{section.3.3}{\376\377\000C\000l\000i\000e\000n\000t\000\040\000S\000e\000g\000m\000e\000n\000t}{chapter.3}% 31
\BOOKMARK [2][-]{subsection.3.3.1}{\376\377\000U\000A\000V\000\040\000H\000a\000r\000d\000w\000a\000r\000e}{section.3.3}% 32
\BOOKMARK [2][-]{subsection.3.3.2}{\376\377\000P\000o\000s\000i\000t\000i\000o\000n\000i\000n\000g\000\040\000P\000r\000o\000c\000e\000s\000s}{section.3.3}% 33
\BOOKMARK [2][-]{subsection.3.3.3}{\376\377\000S\000c\000a\000l\000a\000b\000i\000l\000i\000t\000y\000\040\000A\000n\000a\000l\000y\000s\000i\000s}{section.3.3}% 34
\BOOKMARK [1][-]{section.3.4}{\376\377\000H\000u\000b\000\040\000S\000e\000g\000m\000e\000n\000t}{chapter.3}% 35
\BOOKMARK [2][-]{subsection.3.4.1}{\376\377\000H\000u\000b\000\040\000D\000e\000p\000l\000o\000y\000m\000e\000n\000t\000\040\000O\000p\000t\000i\000o\000n\000s}{section.3.4}% 36
\BOOKMARK [2][-]{subsection.3.4.2}{\376\377\000H\000u\000b\000\040\000F\000u\000n\000c\000t\000i\000o\000n\000s}{section.3.4}% 37
\BOOKMARK [1][-]{section.3.5}{\376\377\000P\000r\000e\000-\000D\000e\000p\000l\000o\000y\000m\000e\000n\000t\000\040\000P\000l\000a\000n\000n\000i\000n\000g\000\040\000a\000n\000d\000\040\000M\000o\000d\000e\000l\000\040\000T\000r\000a\000i\000n\000i\000n\000g}{chapter.3}% 38
\BOOKMARK [2][-]{subsection.3.5.1}{\376\377\000T\000e\000r\000r\000a\000i\000n\000-\000A\000w\000a\000r\000e\000\040\000S\000i\000m\000u\000l\000a\000t\000i\000o\000n}{section.3.5}% 39
\BOOKMARK [2][-]{subsection.3.5.2}{\376\377\000F\000e\000a\000s\000i\000b\000i\000l\000i\000t\000y\000\040\000A\000s\000s\000e\000s\000s\000m\000e\000n\000t}{section.3.5}% 40
\BOOKMARK [2][-]{subsection.3.5.3}{\376\377\000M\000o\000d\000e\000l\000\040\000T\000r\000a\000i\000n\000i\000n\000g}{section.3.5}% 41
\BOOKMARK [2][-]{subsection.3.5.4}{\376\377\000S\000i\000m\000u\000l\000a\000t\000i\000o\000n\000-\000t\000o\000-\000R\000e\000a\000l\000\040\000T\000r\000a\000n\000s\000f\000e\000r}{section.3.5}% 42
\BOOKMARK [1][-]{section.3.6}{\376\377\000S\000y\000s\000t\000e\000m\000\040\000I\000n\000t\000e\000g\000r\000a\000t\000i\000o\000n}{chapter.3}% 43
\BOOKMARK [2][-]{subsection.3.6.1}{\376\377\000O\000p\000e\000r\000a\000t\000i\000o\000n\000a\000l\000\040\000T\000i\000m\000e\000l\000i\000n\000e}{section.3.6}% 44
\BOOKMARK [2][-]{subsection.3.6.2}{\376\377\000F\000a\000i\000l\000u\000r\000e\000\040\000M\000o\000d\000e\000s\000\040\000a\000n\000d\000\040\000R\000e\000c\000o\000v\000e\000r\000y}{section.3.6}% 45
\BOOKMARK [1][-]{section.3.7}{\376\377\000S\000u\000m\000m\000a\000r\000y}{chapter.3}% 46
\BOOKMARK [0][-]{chapter.4}{\376\377\000C\000l\000i\000e\000n\000t\000-\000S\000i\000d\000e\000\040\000L\000o\000c\000a\000l\000i\000z\000a\000t\000i\000o\000n\000:\000\040\000R\000o\000b\000u\000s\000t\000\040\000M\000u\000l\000t\000i\000l\000a\000t\000e\000r\000a\000t\000i\000o\000n\000\040\000f\000o\000r\000\040\000U\000A\000V\000\040\000P\000o\000s\000i\000t\000i\000o\000n\000i\000n\000g}{}% 47
\BOOKMARK [1][-]{section.4.1}{\376\377\000P\000r\000o\000b\000l\000e\000m\000\040\000F\000o\000r\000m\000u\000l\000a\000t\000i\000o\000n}{chapter.4}% 48
\BOOKMARK [2][-]{subsection.4.1.1}{\376\377\000S\000c\000e\000n\000a\000r\000i\000o}{section.4.1}% 49
\BOOKMARK [2][-]{subsection.4.1.2}{\376\377\000C\000h\000a\000l\000l\000e\000n\000g\000e\000s}{section.4.1}% 50
\BOOKMARK [2][-]{subsection.4.1.3}{\376\377\000O\000b\000j\000e\000c\000t\000i\000v\000e\000s}{section.4.1}% 51
\BOOKMARK [1][-]{section.4.2}{\376\377\000P\000r\000o\000p\000o\000s\000e\000d\000\040\000M\000e\000t\000h\000o\000d}{chapter.4}% 52
\BOOKMARK [2][-]{subsection.4.2.1}{\376\377\000S\000y\000s\000t\000e\000m\000\040\000O\000v\000e\000r\000v\000i\000e\000w}{section.4.2}% 53
\BOOKMARK [2][-]{subsection.4.2.2}{\376\377\000R\000S\000S\000I\000-\000t\000o\000-\000D\000i\000s\000t\000a\000n\000c\000e\000\040\000C\000o\000n\000v\000e\000r\000s\000i\000o\000n}{section.4.2}% 54
\BOOKMARK [2][-]{subsection.4.2.3}{\376\377\000M\000u\000l\000t\000i\000l\000a\000t\000e\000r\000a\000t\000i\000o\000n\000\040\000F\000o\000r\000m\000u\000l\000a\000t\000i\000o\000n}{section.4.2}% 55
\BOOKMARK [2][-]{subsection.4.2.4}{\376\377\000H\000u\000b\000e\000r\000\040\000L\000o\000s\000s\000\040\000F\000u\000n\000c\000t\000i\000o\000n}{section.4.2}% 56
\BOOKMARK [2][-]{subsection.4.2.5}{\376\377\000A\000l\000t\000i\000t\000u\000d\000e\000\040\000C\000o\000n\000s\000t\000r\000a\000i\000n\000t\000s}{section.4.2}% 57
\BOOKMARK [2][-]{subsection.4.2.6}{\376\377\000I\000m\000p\000l\000e\000m\000e\000n\000t\000a\000t\000i\000o\000n}{section.4.2}% 58
\BOOKMARK [1][-]{section.4.3}{\376\377\000S\000i\000m\000u\000l\000a\000t\000i\000o\000n\000\040\000S\000t\000u\000d\000y}{chapter.4}% 59
\BOOKMARK [2][-]{subsection.4.3.1}{\376\377\000S\000i\000m\000u\000l\000a\000t\000i\000o\000n\000\040\000S\000e\000t\000u\000p}{section.4.3}% 60
\BOOKMARK [2][-]{subsection.4.3.2}{\376\377\000C\000o\000m\000p\000a\000r\000e\000d\000\040\000M\000e\000t\000h\000o\000d\000s}{section.4.3}% 61
\BOOKMARK [2][-]{subsection.4.3.3}{\376\377\000E\000v\000a\000l\000u\000a\000t\000i\000o\000n\000\040\000S\000c\000e\000n\000a\000r\000i\000o\000s}{section.4.3}% 62
\BOOKMARK [2][-]{subsection.4.3.4}{\376\377\000R\000e\000s\000u\000l\000t\000s}{section.4.3}% 63
\BOOKMARK [1][-]{section.4.4}{\376\377\000E\000x\000p\000e\000r\000i\000m\000e\000n\000t\000a\000l\000\040\000S\000t\000u\000d\000y}{chapter.4}% 64
\BOOKMARK [2][-]{subsection.4.4.1}{\376\377\000H\000a\000r\000d\000w\000a\000r\000e}{section.4.4}% 65
\BOOKMARK [2][-]{subsection.4.4.2}{\376\377\000E\000x\000p\000e\000r\000i\000m\000e\000n\000t\000a\000l\000\040\000S\000e\000t\000u\000p}{section.4.4}% 66
\BOOKMARK [2][-]{subsection.4.4.3}{\376\377\000R\000e\000s\000u\000l\000t\000s}{section.4.4}% 67
\BOOKMARK [1][-]{section.4.5}{\376\377\000D\000i\000s\000c\000u\000s\000s\000i\000o\000n}{chapter.4}% 68
\BOOKMARK [2][-]{subsection.4.5.1}{\376\377\000A\000n\000t\000e\000n\000n\000a\000\040\000D\000i\000r\000e\000c\000t\000i\000v\000i\000t\000y\000\040\000E\000f\000f\000e\000c\000t\000s}{section.4.5}% 69
\BOOKMARK [2][-]{subsection.4.5.2}{\376\377\000S\000a\000m\000p\000l\000i\000n\000g\000\040\000T\000i\000m\000e\000\040\000O\000p\000t\000i\000m\000i\000z\000a\000t\000i\000o\000n}{section.4.5}% 70
\BOOKMARK [2][-]{subsection.4.5.3}{\376\377\000S\000c\000a\000l\000a\000b\000i\000l\000i\000t\000y\000\040\000C\000o\000n\000s\000i\000d\000e\000r\000a\000t\000i\000o\000n\000s}{section.4.5}% 71
\BOOKMARK [2][-]{subsection.4.5.4}{\376\377\000C\000o\000m\000p\000a\000r\000i\000s\000o\000n\000\040\000w\000i\000t\000h\000\040\000G\000P\000S}{section.4.5}% 72
\BOOKMARK [1][-]{section.4.6}{\376\377\000S\000u\000m\000m\000a\000r\000y}{chapter.4}% 73
\BOOKMARK [0][-]{chapter.5}{\376\377\000I\000n\000f\000r\000a\000s\000t\000r\000u\000c\000t\000u\000r\000e\000-\000S\000i\000d\000e\000\040\000L\000o\000c\000a\000l\000i\000z\000a\000t\000i\000o\000n\000:\000\040\000P\000h\000y\000s\000i\000c\000s\000-\000A\000w\000a\000r\000e\000\040\000G\000C\000N\000\040\000f\000o\000r\000\040\000B\000e\000a\000c\000o\000n\000\040\000N\000e\000t\000w\000o\000r\000k\000s}{}% 74
\BOOKMARK [1][-]{section.5.1}{\376\377\000P\000r\000o\000b\000l\000e\000m\000\040\000F\000o\000r\000m\000u\000l\000a\000t\000i\000o\000n}{chapter.5}% 75
\BOOKMARK [2][-]{subsection.5.1.1}{\376\377\000S\000c\000e\000n\000a\000r\000i\000o}{section.5.1}% 76
\BOOKMARK [2][-]{subsection.5.1.2}{\376\377\000G\000r\000a\000p\000h\000\040\000F\000o\000r\000m\000u\000l\000a\000t\000i\000o\000n}{section.5.1}% 77
\BOOKMARK [2][-]{subsection.5.1.3}{\376\377\000P\000a\000t\000h\000-\000L\000o\000s\000s\000\040\000M\000o\000d\000e\000l}{section.5.1}% 78
\BOOKMARK [2][-]{subsection.5.1.4}{\376\377\000C\000h\000a\000l\000l\000e\000n\000g\000e\000s}{section.5.1}% 79
\BOOKMARK [1][-]{section.5.2}{\376\377\000P\000r\000o\000p\000o\000s\000e\000d\000\040\000M\000e\000t\000h\000o\000d}{chapter.5}% 80
\BOOKMARK [2][-]{subsection.5.2.1}{\376\377\000A\000r\000c\000h\000i\000t\000e\000c\000t\000u\000r\000e\000\040\000O\000v\000e\000r\000v\000i\000e\000w}{section.5.2}% 81
\BOOKMARK [2][-]{subsection.5.2.2}{\376\377\000E\000d\000g\000e\000-\000C\000o\000n\000d\000i\000t\000i\000o\000n\000e\000d\000\040\000G\000r\000a\000p\000h\000\040\000C\000o\000n\000v\000o\000l\000u\000t\000i\000o\000n}{section.5.2}% 82
\BOOKMARK [2][-]{subsection.5.2.3}{\376\377\000T\000r\000a\000i\000n\000a\000b\000l\000e\000\040\000P\000a\000t\000h\000-\000L\000o\000s\000s\000\040\000M\000o\000d\000u\000l\000e}{section.5.2}% 83
\BOOKMARK [2][-]{subsection.5.2.4}{\376\377\000A\000n\000c\000h\000o\000r\000\040\000H\000a\000n\000d\000l\000i\000n\000g}{section.5.2}% 84
\BOOKMARK [2][-]{subsection.5.2.5}{\376\377\000T\000r\000a\000i\000n\000i\000n\000g\000\040\000O\000b\000j\000e\000c\000t\000i\000v\000e}{section.5.2}% 85
\BOOKMARK [1][-]{section.5.3}{\376\377\000E\000v\000a\000l\000u\000a\000t\000i\000o\000n\000\040\000S\000e\000t\000u\000p}{chapter.5}% 86
\BOOKMARK [2][-]{subsection.5.3.1}{\376\377\000D\000a\000t\000a\000s\000e\000t\000\040\000a\000n\000d\000\040\000E\000n\000v\000i\000r\000o\000n\000m\000e\000n\000t}{section.5.3}% 87
\BOOKMARK [2][-]{subsection.5.3.2}{\376\377\000P\000r\000o\000p\000a\000g\000a\000t\000i\000o\000n\000\040\000S\000e\000t\000t\000i\000n\000g\000s}{section.5.3}% 88
\BOOKMARK [2][-]{subsection.5.3.3}{\376\377\000B\000a\000s\000e\000l\000i\000n\000e\000\040\000M\000e\000t\000h\000o\000d\000s}{section.5.3}% 89
\BOOKMARK [2][-]{subsection.5.3.4}{\376\377\000T\000r\000a\000i\000n\000i\000n\000g\000\040\000D\000e\000t\000a\000i\000l\000s}{section.5.3}% 90
\BOOKMARK [1][-]{section.5.4}{\376\377\000R\000e\000s\000u\000l\000t\000s}{chapter.5}% 91
\BOOKMARK [2][-]{subsection.5.4.1}{\376\377\000T\000e\000r\000r\000a\000i\000n\000-\000A\000w\000a\000r\000e\000\040\000R\000e\000s\000u\000l\000t\000s}{section.5.4}% 92
\BOOKMARK [2][-]{subsection.5.4.2}{\376\377\000F\000r\000e\000e\000-\000S\000p\000a\000c\000e\000\040\000R\000e\000s\000u\000l\000t\000s}{section.5.4}% 93
\BOOKMARK [1][-]{section.5.5}{\376\377\000D\000i\000s\000c\000u\000s\000s\000i\000o\000n}{chapter.5}% 94
\BOOKMARK [2][-]{subsection.5.5.1}{\376\377\000P\000e\000r\000f\000o\000r\000m\000a\000n\000c\000e\000\040\000D\000r\000i\000v\000e\000r\000s}{section.5.5}% 95
\BOOKMARK [2][-]{subsection.5.5.2}{\376\377\000L\000i\000m\000i\000t\000a\000t\000i\000o\000n\000s}{section.5.5}% 96
\BOOKMARK [2][-]{subsection.5.5.3}{\376\377\000D\000e\000p\000l\000o\000y\000m\000e\000n\000t\000\040\000C\000o\000n\000s\000i\000d\000e\000r\000a\000t\000i\000o\000n\000s}{section.5.5}% 97
\BOOKMARK [1][-]{section.5.6}{\376\377\000S\000u\000m\000m\000a\000r\000y}{chapter.5}% 98
\BOOKMARK [0][-]{chapter.6}{\376\377\000I\000n\000t\000e\000g\000r\000a\000t\000e\000d\000\040\000S\000y\000s\000t\000e\000m\000\040\000A\000n\000a\000l\000y\000s\000i\000s\000\040\000a\000n\000d\000\040\000N\000a\000v\000i\000g\000a\000t\000i\000o\000n\000\040\000F\000e\000a\000s\000i\000b\000i\000l\000i\000t\000y}{}% 99
\BOOKMARK [1][-]{section.6.1}{\376\377\000S\000i\000m\000u\000l\000a\000t\000i\000o\000n\000\040\000F\000r\000a\000m\000e\000w\000o\000r\000k}{chapter.6}% 100
\BOOKMARK [2][-]{subsection.6.1.1}{\376\377\000E\000n\000v\000i\000r\000o\000n\000m\000e\000n\000t\000\040\000S\000e\000t\000u\000p}{section.6.1}% 101
\BOOKMARK [1][-]{section.6.2}{\376\377\000S\000e\000n\000s\000i\000t\000i\000v\000i\000t\000y\000\040\000A\000n\000a\000l\000y\000s\000i\000s}{chapter.6}% 102
\BOOKMARK [2][-]{subsection.6.2.1}{\376\377\000G\000r\000i\000d\000-\000W\000i\000d\000e\000\040\000L\000o\000c\000a\000l\000i\000z\000a\000t\000i\000o\000n\000\040\000A\000n\000a\000l\000y\000s\000i\000s}{section.6.2}% 103
\BOOKMARK [2][-]{subsection.6.2.2}{\376\377\000I\000m\000p\000l\000i\000c\000a\000t\000i\000o\000n\000s\000\040\000f\000o\000r\000\040\000G\000C\000N\000-\000B\000a\000s\000e\000d\000\040\000I\000n\000f\000r\000a\000s\000t\000r\000u\000c\000t\000u\000r\000e}{section.6.2}% 104
\BOOKMARK [1][-]{section.6.3}{\376\377\000N\000a\000v\000i\000g\000a\000t\000i\000o\000n\000\040\000S\000i\000m\000u\000l\000a\000t\000i\000o\000n\000s}{chapter.6}% 105
\BOOKMARK [2][-]{subsection.6.3.1}{\376\377\000S\000i\000m\000u\000l\000a\000t\000i\000o\000n\000\040\000S\000e\000t\000u\000p}{section.6.3}% 106
\BOOKMARK [2][-]{subsection.6.3.2}{\376\377\000D\000i\000a\000g\000o\000n\000a\000l\000\040\000T\000r\000a\000n\000s\000i\000t\000\040\000R\000e\000s\000u\000l\000t\000s}{section.6.3}% 107
\BOOKMARK [2][-]{subsection.6.3.3}{\376\377\000C\000i\000r\000c\000u\000l\000a\000r\000\040\000P\000a\000t\000r\000o\000l\000\040\000R\000e\000s\000u\000l\000t\000s}{section.6.3}% 108
\BOOKMARK [2][-]{subsection.6.3.4}{\376\377\000A\000r\000e\000a\000\040\000S\000w\000e\000e\000p\000\040\000R\000e\000s\000u\000l\000t\000s}{section.6.3}% 109
\BOOKMARK [2][-]{subsection.6.3.5}{\376\377\000N\000a\000v\000i\000g\000a\000t\000i\000o\000n\000\040\000R\000e\000s\000u\000l\000t\000s\000\040\000S\000u\000m\000m\000a\000r\000y}{section.6.3}% 110
\BOOKMARK [1][-]{section.6.4}{\376\377\000D\000i\000s\000c\000u\000s\000s\000i\000o\000n}{chapter.6}% 111
\BOOKMARK [2][-]{subsection.6.4.1}{\376\377\000G\000e\000o\000m\000e\000t\000r\000i\000c\000\040\000S\000t\000a\000b\000i\000l\000i\000t\000y}{section.6.4}% 112
\BOOKMARK [2][-]{subsection.6.4.2}{\376\377\000O\000p\000e\000r\000a\000t\000i\000o\000n\000a\000l\000\040\000C\000a\000p\000a\000b\000i\000l\000i\000t\000i\000e\000s}{section.6.4}% 113
\BOOKMARK [2][-]{subsection.6.4.3}{\376\377\000D\000e\000s\000i\000g\000n\000\040\000T\000r\000a\000d\000e\000-\000o\000f\000f\000s}{section.6.4}% 114
\BOOKMARK [2][-]{subsection.6.4.4}{\376\377\000C\000o\000m\000p\000a\000r\000i\000s\000o\000n\000\040\000w\000i\000t\000h\000\040\000G\000N\000S\000S}{section.6.4}% 115
\BOOKMARK [2][-]{subsection.6.4.5}{\376\377\000L\000i\000m\000i\000t\000a\000t\000i\000o\000n\000s}{section.6.4}% 116
\BOOKMARK [1][-]{section.6.5}{\376\377\000S\000u\000m\000m\000a\000r\000y}{chapter.6}% 117
\BOOKMARK [0][-]{chapter.7}{\376\377\000C\000o\000n\000c\000l\000u\000s\000i\000o\000n}{}% 118
\BOOKMARK [1][-]{section.7.1}{\376\377\000S\000u\000m\000m\000a\000r\000y\000\040\000o\000f\000\040\000C\000o\000n\000t\000r\000i\000b\000u\000t\000i\000o\000n\000s}{chapter.7}% 119
\BOOKMARK [1][-]{section.7.2}{\376\377\000L\000i\000m\000i\000t\000a\000t\000i\000o\000n\000s}{chapter.7}% 120
\BOOKMARK [1][-]{section.7.3}{\376\377\000F\000u\000t\000u\000r\000e\000\040\000W\000o\000r\000k}{chapter.7}% 121
\BOOKMARK [1][-]{section.7.4}{\376\377\000C\000o\000n\000c\000l\000u\000d\000i\000n\000g\000\040\000R\000e\000m\000a\000r\000k\000s}{chapter.7}% 122
\BOOKMARK [0][-]{chapter*.169}{\376\377\000R\000e\000f\000e\000r\000e\000n\000c\000e\000s}{}% 123
