This is e-upTeX, Version 3.141592653-p4.1.2-u2.00-250202-2.6 (utf8.euc) (TeX Live 2025) (preloaded format=platex 2025.5.6)  21 JAN 2026 08:59
entering extended mode
 restricted \write18 enabled.
 file:line:error style messages enabled.
 %&-line parsing enabled.
**paper.tex
(./paper.tex
pLaTeX2e <2023-02-14>+1, based on
LaTeX2e <2024-11-01> patch level 2
L3 programming layer <2025-01-18>
(./iscs-thesis.cls
Document Class: iscs-thesis 2014/09/02 v1.3b Dept of IS/CS thesis class
\bindoffset=\skip49
\c@part=\count195
\c@chapter=\count196
\c@section=\count197
\c@subsection=\count198
\c@subsubsection=\count199
\c@paragraph=\count266
\c@subparagraph=\count267
\eabstractbox=\box69
\jabstractbox=\box70
\c@figure=\count268
\c@table=\count269
\abovecaptionskip=\skip50
\belowcaptionskip=\skip51
\bibindent=\dimen157
) (/usr/local/texlive/2025/texmf-dist/tex/latex/cite/cite.sty
LaTeX Info: Redefining \cite on input line 302.
LaTeX Info: Redefining \nocite on input line 332.
Package: cite 2015/02/27  v 5.5
)
(/usr/local/texlive/2025/texmf-dist/tex/latex/amsmath/amsmath.sty
Package: amsmath 2024/11/05 v2.17t AMS math features
\@mathmargin=\skip52

For additional information on amsmath, use the `?' option.
(/usr/local/texlive/2025/texmf-dist/tex/latex/amsmath/amstext.sty
Package: amstext 2021/08/26 v2.01 AMS text

(/usr/local/texlive/2025/texmf-dist/tex/latex/amsmath/amsgen.sty
File: amsgen.sty 1999/11/30 v2.0 generic functions
\@emptytoks=\toks18
\ex@=\dimen158
))
(/usr/local/texlive/2025/texmf-dist/tex/latex/amsmath/amsbsy.sty
Package: amsbsy 1999/11/29 v1.2d Bold Symbols
\pmbraise@=\dimen159
)
(/usr/local/texlive/2025/texmf-dist/tex/latex/amsmath/amsopn.sty
Package: amsopn 2022/04/08 v2.04 operator names
)
\inf@bad=\count270
LaTeX Info: Redefining \frac on input line 233.
\uproot@=\count271
\leftroot@=\count272
LaTeX Info: Redefining \overline on input line 398.
LaTeX Info: Redefining \colon on input line 409.
\classnum@=\count273
\DOTSCASE@=\count274
LaTeX Info: Redefining \ldots on input line 495.
LaTeX Info: Redefining \dots on input line 498.
LaTeX Info: Redefining \cdots on input line 619.
\Mathstrutbox@=\box71
\strutbox@=\box72
LaTeX Info: Redefining \big on input line 721.
LaTeX Info: Redefining \Big on input line 722.
LaTeX Info: Redefining \bigg on input line 723.
LaTeX Info: Redefining \Bigg on input line 724.
\big@size=\dimen160
LaTeX Font Info:    Redeclaring font encoding OML on input line 742.
LaTeX Font Info:    Redeclaring font encoding OMS on input line 743.
\macc@depth=\count275
LaTeX Info: Redefining \bmod on input line 904.
LaTeX Info: Redefining \pmod on input line 909.
LaTeX Info: Redefining \smash on input line 939.
LaTeX Info: Redefining \relbar on input line 969.
LaTeX Info: Redefining \Relbar on input line 970.
\c@MaxMatrixCols=\count276
\dotsspace@=\muskip17
\c@parentequation=\count277
\dspbrk@lvl=\count278
\tag@help=\toks19
\row@=\count279
\column@=\count280
\maxfields@=\count281
\andhelp@=\toks20
\eqnshift@=\dimen161
\alignsep@=\dimen162
\tagshift@=\dimen163
\tagwidth@=\dimen164
\totwidth@=\dimen165
\lineht@=\dimen166
\@envbody=\toks21
\multlinegap=\skip53
\multlinetaggap=\skip54
\mathdisplay@stack=\toks22
LaTeX Info: Redefining \[ on input line 2953.
LaTeX Info: Redefining \] on input line 2954.
)
(/usr/local/texlive/2025/texmf-dist/tex/latex/amsfonts/amssymb.sty
Package: amssymb 2013/01/14 v3.01 AMS font symbols

(/usr/local/texlive/2025/texmf-dist/tex/latex/amsfonts/amsfonts.sty
Package: amsfonts 2013/01/14 v3.01 Basic AMSFonts support
\symAMSa=\mathgroup4
\symAMSb=\mathgroup5
LaTeX Font Info:    Redeclaring math symbol \hbar on input line 98.
LaTeX Font Info:    Overwriting math alphabet `\mathfrak' in version `bold'
(Font)                  U/euf/m/n --> U/euf/b/n on input line 106.
))
(/usr/local/texlive/2025/texmf-dist/tex/latex/graphics/graphicx.sty
Package: graphicx 2021/09/16 v1.2d Enhanced LaTeX Graphics (DPC,SPQR)

(/usr/local/texlive/2025/texmf-dist/tex/latex/graphics/keyval.sty
Package: keyval 2022/05/29 v1.15 key=value parser (DPC)
\KV@toks@=\toks23
)
(/usr/local/texlive/2025/texmf-dist/tex/latex/graphics/graphics.sty
Package: graphics 2024/08/06 v1.4g Standard LaTeX Graphics (DPC,SPQR)

(/usr/local/texlive/2025/texmf-dist/tex/latex/graphics/trig.sty
Package: trig 2023/12/02 v1.11 sin cos tan (DPC)
)
(/usr/local/texlive/2025/texmf-dist/tex/latex/graphics-cfg/graphics.cfg
File: graphics.cfg 2016/06/04 v1.11 sample graphics configuration
)
Package graphics Info: Driver file: dvipdfmx.def on input line 106.

(/usr/local/texlive/2025/texmf-dist/tex/latex/graphics-def/dvipdfmx.def
File: dvipdfmx.def 2022/09/22 v5.0m Graphics/color driver for dvipdfmx
))
\Gin@req@height=\dimen167
\Gin@req@width=\dimen168
)
(/usr/local/texlive/2025/texmf-dist/tex/latex/base/textcomp.sty
Package: textcomp 2024/04/24 v2.1b Standard LaTeX package
)
(/usr/local/texlive/2025/texmf-dist/tex/latex/multirow/multirow.sty
Package: multirow 2024/11/12 v2.9 Span multiple rows of a table
\multirow@colwidth=\skip55
\multirow@cntb=\count282
\multirow@dima=\skip56
\bigstrutjot=\dimen169
)
(/usr/local/texlive/2025/texmf-dist/tex/latex/booktabs/booktabs.sty
Package: booktabs 2020/01/12 v1.61803398 Publication quality tables
\heavyrulewidth=\dimen170
\lightrulewidth=\dimen171
\cmidrulewidth=\dimen172
\belowrulesep=\dimen173
\belowbottomsep=\dimen174
\aboverulesep=\dimen175
\abovetopsep=\dimen176
\cmidrulesep=\dimen177
\cmidrulekern=\dimen178
\defaultaddspace=\dimen179
\@cmidla=\count283
\@cmidlb=\count284
\@aboverulesep=\dimen180
\@belowrulesep=\dimen181
\@thisruleclass=\count285
\@lastruleclass=\count286
\@thisrulewidth=\dimen182
)
(/usr/local/texlive/2025/texmf-dist/tex/latex/algorithms/algorithm.sty
Package: algorithm 2009/08/24 v0.1 Document Style `algorithm' - floating enviro
nment

(/usr/local/texlive/2025/texmf-dist/tex/latex/float/float.sty
Package: float 2001/11/08 v1.3d Float enhancements (AL)
\c@float@type=\count287
\float@exts=\toks24
\float@box=\box73
\@float@everytoks=\toks25
\@floatcapt=\box74
)
(/usr/local/texlive/2025/texmf-dist/tex/latex/base/ifthen.sty
Package: ifthen 2024/03/16 v1.1e Standard LaTeX ifthen package (DPC)
)
\@float@every@algorithm=\toks26
\c@algorithm=\count288
)
(/usr/local/texlive/2025/texmf-dist/tex/latex/algorithms/algorithmic.sty
Package: algorithmic 2009/08/24 v0.1 Document Style `algorithmic'
\c@ALC@unique=\count289
\c@ALC@line=\count290
\c@ALC@rem=\count291
\c@ALC@depth=\count292
\ALC@tlm=\skip57
\algorithmicindent=\skip58
)
(/usr/local/texlive/2025/texmf-dist/tex/latex/url/url.sty
\Urlmuskip=\muskip18
Package: url 2013/09/16  ver 3.4  Verb mode for urls, etc.
)
(/usr/local/texlive/2025/texmf-dist/tex/latex/hyperref/hyperref.sty
Package: hyperref 2024-11-05 v7.01l Hypertext links for LaTeX

(/usr/local/texlive/2025/texmf-dist/tex/generic/iftex/iftex.sty
Package: iftex 2024/12/12 v1.0g TeX engine tests
)
(/usr/local/texlive/2025/texmf-dist/tex/latex/kvsetkeys/kvsetkeys.sty
Package: kvsetkeys 2022-10-05 v1.19 Key value parser (HO)
)
(/usr/local/texlive/2025/texmf-dist/tex/generic/kvdefinekeys/kvdefinekeys.sty
Package: kvdefinekeys 2019-12-19 v1.6 Define keys (HO)
)
(/usr/local/texlive/2025/texmf-dist/tex/generic/pdfescape/pdfescape.sty
Package: pdfescape 2019/12/09 v1.15 Implements pdfTeX's escape features (HO)

(/usr/local/texlive/2025/texmf-dist/tex/generic/ltxcmds/ltxcmds.sty
Package: ltxcmds 2023-12-04 v1.26 LaTeX kernel commands for general use (HO)
)
(/usr/local/texlive/2025/texmf-dist/tex/generic/pdftexcmds/pdftexcmds.sty
Package: pdftexcmds 2020-06-27 v0.33 Utility functions of pdfTeX for LuaTeX (HO
)

(/usr/local/texlive/2025/texmf-dist/tex/generic/infwarerr/infwarerr.sty
Package: infwarerr 2019/12/03 v1.5 Providing info/warning/error messages (HO)
)
Package pdftexcmds Info: \pdf@primitive is available.
Package pdftexcmds Info: \pdf@ifprimitive is available.
Package pdftexcmds Info: \pdfdraftmode not found.
))
(/usr/local/texlive/2025/texmf-dist/tex/latex/hycolor/hycolor.sty
Package: hycolor 2020-01-27 v1.10 Color options for hyperref/bookmark (HO)
)
(/usr/local/texlive/2025/texmf-dist/tex/latex/hyperref/nameref.sty
Package: nameref 2023-11-26 v2.56 Cross-referencing by name of section

(/usr/local/texlive/2025/texmf-dist/tex/latex/refcount/refcount.sty
Package: refcount 2019/12/15 v3.6 Data extraction from label references (HO)
)
(/usr/local/texlive/2025/texmf-dist/tex/generic/gettitlestring/gettitlestring.s
ty
Package: gettitlestring 2019/12/15 v1.6 Cleanup title references (HO)
 (/usr/local/texlive/2025/texmf-dist/tex/latex/kvoptions/kvoptions.sty
Package: kvoptions 2022-06-15 v3.15 Key value format for package options (HO)
))
\c@section@level=\count293
)
(/usr/local/texlive/2025/texmf-dist/tex/latex/etoolbox/etoolbox.sty
Package: etoolbox 2025/02/11 v2.5l e-TeX tools for LaTeX (JAW)
\etb@tempcnta=\count294
)
(/usr/local/texlive/2025/texmf-dist/tex/generic/stringenc/stringenc.sty
Package: stringenc 2019/11/29 v1.12 Convert strings between diff. encodings (HO
)
)
\@linkdim=\dimen183
\Hy@linkcounter=\count295
\Hy@pagecounter=\count296

(/usr/local/texlive/2025/texmf-dist/tex/latex/hyperref/pd1enc.def
File: pd1enc.def 2024-11-05 v7.01l Hyperref: PDFDocEncoding definition (HO)
Now handling font encoding PD1 ...
... no UTF-8 mapping file for font encoding PD1
)
(/usr/local/texlive/2025/texmf-dist/tex/generic/intcalc/intcalc.sty
Package: intcalc 2019/12/15 v1.3 Expandable calculations with integers (HO)
)
\Hy@SavedSpaceFactor=\count297

(/usr/local/texlive/2025/texmf-dist/tex/latex/hyperref/puenc.def
File: puenc.def 2024-11-05 v7.01l Hyperref: PDF Unicode definition (HO)
Now handling font encoding PU ...
... no UTF-8 mapping file for font encoding PU
)
Package hyperref Info: Option `final' set `true' on input line 4040.
Package hyperref Info: Hyper figures OFF on input line 4157.
Package hyperref Info: Link nesting OFF on input line 4162.
Package hyperref Info: Hyper index ON on input line 4165.
Package hyperref Info: Plain pages OFF on input line 4172.
Package hyperref Info: Backreferencing OFF on input line 4177.
Package hyperref Info: Implicit mode ON; LaTeX internals redefined.
Package hyperref Info: Bookmarks ON on input line 4424.
\c@Hy@tempcnt=\count298
LaTeX Info: Redefining \url on input line 4763.
\XeTeXLinkMargin=\dimen184

(/usr/local/texlive/2025/texmf-dist/tex/generic/bitset/bitset.sty
Package: bitset 2019/12/09 v1.3 Handle bit-vector datatype (HO)

(/usr/local/texlive/2025/texmf-dist/tex/generic/bigintcalc/bigintcalc.sty
Package: bigintcalc 2019/12/15 v1.5 Expandable calculations on big integers (HO
)
))
\Fld@menulength=\count299
\Field@Width=\dimen185
\Fld@charsize=\dimen186
Package hyperref Info: Hyper figures OFF on input line 6042.
Package hyperref Info: Link nesting OFF on input line 6047.
Package hyperref Info: Hyper index ON on input line 6050.
Package hyperref Info: backreferencing OFF on input line 6057.
Package hyperref Info: Link coloring OFF on input line 6062.
Package hyperref Info: Link coloring with OCG OFF on input line 6067.
Package hyperref Info: PDF/A mode OFF on input line 6072.

(/usr/local/texlive/2025/texmf-dist/tex/latex/base/atbegshi-ltx.sty
Package: atbegshi-ltx 2021/01/10 v1.0c Emulation of the original atbegshi
package with kernel methods
)
\Hy@abspage=\count300
\c@Item=\count301
\c@Hfootnote=\count302
)
Package hyperref Info: Driver (default): hdvips.

(/usr/local/texlive/2025/texmf-dist/tex/latex/hyperref/hdvips.def
File: hdvips.def 2024-11-05 v7.01l Hyperref driver for dvips

(/usr/local/texlive/2025/texmf-dist/tex/latex/hyperref/pdfmark.def
File: pdfmark.def 2024-11-05 v7.01l Hyperref definitions for pdfmark specials
\pdf@docset=\toks27
\pdf@box=\box75
\pdf@toks=\toks28
\pdf@defaulttoks=\toks29
\HyField@AnnotCount=\count303
\Fld@listcount=\count304
\c@bookmark@seq@number=\count305

(/usr/local/texlive/2025/texmf-dist/tex/latex/rerunfilecheck/rerunfilecheck.sty
Package: rerunfilecheck 2022-07-10 v1.10 Rerun checks for auxiliary files (HO)
(/usr/local/texlive/2025/texmf-dist/tex/latex/base/atveryend-ltx.sty
Package: atveryend-ltx 2020/08/19 v1.0a Emulation of the original atveryend pac
kage
with kernel methods
)
(/usr/local/texlive/2025/texmf-dist/tex/generic/uniquecounter/uniquecounter.sty
Package: uniquecounter 2019/12/15 v1.4 Provide unlimited unique counter (HO)
)
Package uniquecounter Info: New unique counter `rerunfilecheck' on input line 2
85.
)
\Hy@SectionHShift=\skip59
)) (/usr/local/texlive/2025/texmf-dist/tex/latex/placeins/placeins.sty
Package: placeins 2005/04/18  v 2.2
)
(/usr/local/texlive/2025/texmf-dist/tex/latex/caption/subcaption.sty
Package: subcaption 2023/07/28 v1.6b Sub-captions (AR)

(/usr/local/texlive/2025/texmf-dist/tex/latex/caption/caption.sty
Package: caption 2023/08/05 v3.6o Customizing captions (AR)

(/usr/local/texlive/2025/texmf-dist/tex/latex/caption/caption3.sty
Package: caption3 2023/07/31 v2.4d caption3 kernel (AR)
\caption@tempdima=\dimen187
\captionmargin=\dimen188
\caption@leftmargin=\dimen189
\caption@rightmargin=\dimen190
\caption@width=\dimen191
\caption@indent=\dimen192
\caption@parindent=\dimen193
\caption@hangindent=\dimen194
Package caption Info: Standard document class detected.
)
\c@caption@flags=\count306
\c@continuedfloat=\count307
Package caption Info: float package is loaded.
Package caption Info: hyperref package is loaded.
)
Package caption Info: New subtype `subfigure' on input line 238.
\c@subfigure=\count308
Package caption Info: New subtype `subtable' on input line 238.
\c@subtable=\count309
)
(/usr/local/texlive/2025/texmf-dist/tex/latex/l3backend/l3backend-dvips.def
File: l3backend-dvips.def 2024-05-08 L3 backend support: dvips
\l__pdf_internal_box=\box76
\l__pdf_backend_content_box=\box77
\l__pdf_backend_model_box=\box78
\g__pdf_backend_annotation_int=\count310
\g__pdf_backend_link_int=\count311
\g__pdf_backend_link_sf_int=\count312
)
(./paper.aux)
\openout1 = `paper.aux'.

LaTeX Font Info:    Checking defaults for OML/cmm/m/it on input line 87.
LaTeX Font Info:    ... okay on input line 87.
LaTeX Font Info:    Checking defaults for OMS/cmsy/m/n on input line 87.
LaTeX Font Info:    ... okay on input line 87.
LaTeX Font Info:    Checking defaults for OT1/cmr/m/n on input line 87.
LaTeX Font Info:    ... okay on input line 87.
LaTeX Font Info:    Checking defaults for T1/cmr/m/n on input line 87.
LaTeX Font Info:    ... okay on input line 87.
LaTeX Font Info:    Checking defaults for TS1/cmr/m/n on input line 87.
LaTeX Font Info:    ... okay on input line 87.
LaTeX Font Info:    Checking defaults for OMX/cmex/m/n on input line 87.
LaTeX Font Info:    ... okay on input line 87.
LaTeX Font Info:    Checking defaults for U/cmr/m/n on input line 87.
LaTeX Font Info:    ... okay on input line 87.
LaTeX Font Info:    Checking defaults for JY1/mc/m/n on input line 87.
LaTeX Font Info:    ... okay on input line 87.
LaTeX Font Info:    Checking defaults for JT1/mc/m/n on input line 87.
LaTeX Font Info:    ... okay on input line 87.
LaTeX Font Info:    Checking defaults for PD1/pdf/m/n on input line 87.
LaTeX Font Info:    ... okay on input line 87.
LaTeX Font Info:    Checking defaults for PU/pdf/m/n on input line 87.
LaTeX Font Info:    ... okay on input line 87.
Package hyperref Info: Link coloring OFF on input line 87.
 (./paper.out) (./paper.out)
\@outlinefile=\write3
\openout3 = `paper.out'.

Package caption Info: Begin \AtBeginDocument code.
Package caption Info: End \AtBeginDocument code.


[1

]
LaTeX Font Info:    Font shape `JT1/mc/bx/n' in size <17.28> not available
(Font)              Font shape `JT1/gt/m/n' tried instead on input line 93.
LaTeX Font Info:    Font shape `JY1/mc/bx/n' in size <17.28> not available
(Font)              Font shape `JY1/gt/m/n' tried instead on input line 93.


[2] (./paper.toc
LaTeX Font Info:    Font shape `JT1/mc/bx/n' in size <10.95> not available
(Font)              Font shape `JT1/gt/m/n' tried instead on input line 1.
LaTeX Font Info:    Font shape `JY1/mc/bx/n' in size <10.95> not available
(Font)              Font shape `JY1/gt/m/n' tried instead on input line 1.
LaTeX Font Info:    Trying to load font information for U+msa on input line 2.
 (/usr/local/texlive/2025/texmf-dist/tex/latex/amsfonts/umsa.fd
File: umsa.fd 2013/01/14 v3.01 AMS symbols A
)
LaTeX Font Info:    Trying to load font information for U+msb on input line 2.
 (/usr/local/texlive/2025/texmf-dist/tex/latex/amsfonts/umsb.fd
File: umsb.fd 2013/01/14 v3.01 AMS symbols B
)
Overfull \hbox (84.79749pt too wide) in paragraph at lines 9--9
 [][] [] []  
 []



[3


]
Overfull \hbox (37.10242pt too wide) in paragraph at lines 85--85
 [] [] []  
 []


Overfull \hbox (69.64359pt too wide) in paragraph at lines 137--137
 [] [] []  
 []



[4])
\tf@toc=\write4
\openout4 = `paper.toc'.



[5] (./paper.lof)
\tf@lof=\write5
\openout5 = `paper.lof'.



[6

] (./paper.lot)
\tf@lot=\write6
\openout6 = `paper.lot'.



[7

]
Chapter 1.
LaTeX Font Info:    Font shape `JT1/mc/bx/n' in size <12> not available
(Font)              Font shape `JT1/gt/m/n' tried instead on input line 125.
LaTeX Font Info:    Font shape `JY1/mc/bx/n' in size <12> not available
(Font)              Font shape `JY1/gt/m/n' tried instead on input line 125.


[1


]
Overfull \hbox (14.21542pt too wide) in paragraph at lines 172--176
\OT1/cmr/m/n/10.95 nanosecond-level clock syn-chro-niza-tion across all bea-con
s, which is typ-i-cally achieved
 []


Overfull \hbox (0.45581pt too wide) in paragraph at lines 172--176
\OT1/cmr/m/n/10.95 backup. Angle-of-Arrival (AoA) meth-ods de-ter-mine the di-r
ec-tion of sig-nal sources
 []

LaTeX Font Info:    Font shape `JT1/mc/m/it' in size <10.95> not available
(Font)              Font shape `JT1/mc/m/n' tried instead on input line 177.
LaTeX Font Info:    Font shape `JY1/mc/m/it' in size <10.95> not available
(Font)              Font shape `JY1/mc/m/n' tried instead on input line 177.

Overfull \hbox (4.85442pt too wide) in paragraph at lines 180--183
 []\OT1/cmr/bx/n/10.95 Challenge 2: In-fras-truc-ture Self-Localization[] \OT1/
cmr/m/n/10.95 Mul-ti-lat-er-a-tion re-quires bea-
 []



[2]

[3]

[4]
Overfull \hbox (3.81303pt too wide) in paragraph at lines 270--273
[]\OT1/cmr/m/n/10.95 Our work dif-fers from prior re-search by uni-fy-ing in-fr
as-truc-ture self-organization
 []



[5]
Chapter 2.


[6

]
Overfull \hbox (7.51408pt too wide) in paragraph at lines 369--370
[]\OT1/cmr/bx/n/10.95 Hardware Avail-abil-ity: \OT1/cmr/m/n/10.95 RSSI is a sta
n-dard out-put of all LoRa transceivers,
 []


Overfull \hbox (4.08597pt too wide) in paragraph at lines 375--376
[]\OT1/cmr/bx/n/10.95 Power Ef-fi-ciency: \OT1/cmr/m/n/10.95 LoRa's low power c
on-sump-tion en-ables battery-powered
 []



[7]

[8]
Overfull \hbox (3.32512pt too wide) in paragraph at lines 424--426
\OT1/cmr/m/n/10.95 Existing RF-based UAV lo-cal-iza-tion meth-ods ei-ther achie
ve high ac-cu-racy through
 []


Overfull \hbox (1.07547pt too wide) in paragraph at lines 433--434
[]\OT1/cmr/m/n/10.95 This al-go-rith-mic ap-proach re-quires only com-mod-ity s
ingle-antenna LoRa mod-
 []


Overfull \hbox (4.0249pt too wide) in paragraph at lines 457--459
 []\OT1/cmr/bx/n/10.95 Iterative Mul-ti-lat-er-a-tion[] \OT1/cmr/m/n/10.95 It-e
r-a-tive mul-ti-lat-er-a-tion ex-tends the ba-sic ap-proach
 []



[9]
Overfull \hbox (5.5163pt too wide) in paragraph at lines 470--472
\OT1/cmr/m/n/10.95 These char-ac-ter-is-tics limit fin-ger-print-ing's ap-pli-c
a-bil-ity to new en-vi-ron-ments where
 []



[10]

[11]
Chapter 3.

Overfull \hbox (0.57143pt too wide) in paragraph at lines 559--561
 []\OT1/cmr/bx/n/10.95 GNSS In-de-pen-dence[] \OT1/cmr/m/n/10.95 The sys-tem mu
st op-er-ate with-out any re-liance on GNSS
 []



[12

]
File: ../images/system_architecture.png Graphic file (type bmp)
<../images/system_architecture.png>


[13]

[14]

[15]
Overfull \hbox (17.62215pt too wide) in paragraph at lines 717--718
\OT1/cmr/m/n/10.95 The hub seg-ment pro-vides cen-tral-ized com-pu-ta-tion for 
in-fras-truc-ture self-localization,
 []



[16]

[17]

[18]
Overfull \hbox (7.44876pt too wide) in paragraph at lines 867--868
[]\OT1/cmr/m/n/10.95 The \OT1/cmr/bx/n/10.95 client seg-ment \OT1/cmr/m/n/10.95
 en-ables scal-able, privacy-preserving po-si-tion-ing through
 []


Overfull \hbox (9.66881pt too wide) in paragraph at lines 871--872
[]\OT1/cmr/m/n/10.95 The \OT1/cmr/bx/n/10.95 pre-deployment phase \OT1/cmr/m/n/
10.95 con-ducts fea-si-bil-ity as-sess-ment through terrain-
 []



[19]

[20]
Chapter 4.


[21

]

[22]

[23]

[24]

[25]
File: ../images/method1_2d.pdf Graphic file (type pdf)
<../images/method1_2d.pdf>
File: ../images/method1_3d.pdf Graphic file (type pdf)
<../images/method1_3d.pdf>

Overfull \hbox (8.63675pt too wide) in paragraph at lines 1165--1170
 [][][][] 
 []

File: ../images/method2.pdf Graphic file (type pdf)
<../images/method2.pdf>
File: ../images/method3_2d.pdf Graphic file (type pdf)
<../images/method3_2d.pdf>
File: ../images/method3_3d.pdf Graphic file (type pdf)
<../images/method3_3d.pdf>

Overfull \hbox (8.63675pt too wide) in paragraph at lines 1183--1188
 [][][][] 
 []

File: ../images/method4.pdf Graphic file (type pdf)
<../images/method4.pdf>
File: ../images/method4_cropped.pdf Graphic file (type pdf)
<../images/method4_cropped.pdf>

Overfull \hbox (8.63675pt too wide) in paragraph at lines 1194--1199
 [][][][] 
 []



[26]

[27]
File: ../images/method_comparison.pdf Graphic file (type pdf)
<../images/method_comparison.pdf>
File: ../images/correlation.pdf Graphic file (type pdf)
<../images/correlation.pdf>


[28]

[29]

[30]
File: ../images/beacon_map.png Graphic file (type bmp)
<../images/beacon_map.png>
File: ../images/drone.jpg Graphic file (type bmp)
<../images/drone.jpg>
File: ../images/beacon.jpg Graphic file (type bmp)
<../images/beacon.jpg>


[31]
File: ../images/model_1-2.pdf Graphic file (type pdf)
<../images/model_1-2.pdf>
File: ../images/model_3-4.pdf Graphic file (type pdf)
<../images/model_3-4.pdf>

Overfull \hbox (8.63675pt too wide) in paragraph at lines 1426--1431
 [][][][] 
 []



[32]
File: ../images/antenna.pdf Graphic file (type pdf)
<../images/antenna.pdf>


[33]
File: ../images/model_3d.pdf Graphic file (type pdf)
<../images/model_3d.pdf>
File: ../images/sample-median.pdf Graphic file (type pdf)
<../images/sample-median.pdf>
File: ../images/sample-std.pdf Graphic file (type pdf)
<../images/sample-std.pdf>

Overfull \hbox (8.63675pt too wide) in paragraph at lines 1486--1491
 [][][][] 
 []



[34]

[35]

[36]
Chapter 5.


[37

]

[38]
File: ../images/model_architecture.png Graphic file (type bmp)
<../images/model_architecture.png>


[39]

[40]

[41]
Overfull \hbox (2.21544pt too wide) in paragraph at lines 1794--1796
 []\OT1/cmr/bx/n/10.95 Geographic Area[] \OT1/cmr/m/n/10.95 We sim-u-late a 4 k
m $\OMS/cmsy/m/n/10.95 ^^B$ \OT1/cmr/m/n/10.95 4 km out-door area in []orum Pro
vince,
 []



[42]
File: ../images/experiment_area_comparison.pdf Graphic file (type pdf)
<../images/experiment_area_comparison.pdf>


[43]
File: ../images/rssi_variance_comparison.png Graphic file (type bmp)
<../images/rssi_variance_comparison.png>

Overfull \hbox (5.61372pt too wide) in paragraph at lines 1903--1906
[]\OT1/cmr/bx/n/10.95 Path-Loss Es-ti-ma-tion: \OT1/cmr/m/n/10.95 A sim-ple log
-distance model of the form $[](\OML/cmm/m/it/10.95 d\OT1/cmr/m/n/10.95 ) =
 []



[44]
Overfull \hbox (2.93086pt too wide) in paragraph at lines 1922--1924
\OT1/cmr/m/n/10.95 This ab-la-tion study iso-lates the con-tri-bu-tion of the p
hysics-aware RSSI-to-distance
 []



[45]
File: ../images/three_methods_cdf.pdf Graphic file (type pdf)
<../images/three_methods_cdf.pdf>
File: ../images/three_methods_hist.pdf Graphic file (type pdf)
<../images/three_methods_hist.pdf>
File: ../images/sample_visualization_loaded_model_trained_localization_model_64
beacons_1000instances_fixed_power13.pdf Graphic file (type pdf)
<../images/sample_visualization_loaded_model_trained_localization_model_64beaco
ns_1000instances_fixed_power13.pdf>
File: ../images/sample_visualization_loaded_model_trained_localization_model_64
beacons_1000instances_fixed_no_rssi2dist.pdf Graphic file (type pdf)
<../images/sample_visualization_loaded_model_trained_localization_model_64beaco
ns_1000instances_fixed_no_rssi2dist.pdf>
File: ../images/sample_visualization_loaded_model_mlat_64beacons_100instances.p
df Graphic file (type pdf)
<../images/sample_visualization_loaded_model_mlat_64beacons_100instances.pdf>


[46]
File: ../images/three_methods_cdf_free.pdf Graphic file (type pdf)
<../images/three_methods_cdf_free.pdf>
File: ../images/sample_visualization_loaded_model_trained_localization_model_64
beacons_1000instances_fixed_power13_free.pdf Graphic file (type pdf)
<../images/sample_visualization_loaded_model_trained_localization_model_64beaco
ns_1000instances_fixed_power13_free.pdf>
File: ../images/sample_visualization_loaded_model_trained_localization_model_64
beacons_1000instances_fixed_no_rssi2dist_free.pdf Graphic file (type pdf)
<../images/sample_visualization_loaded_model_trained_localization_model_64beaco
ns_1000instances_fixed_no_rssi2dist_free.pdf>
File: ../images/sample_visualization_loaded_model_mlat_64beacons_1000instances_
free.pdf Graphic file (type pdf)
<../images/sample_visualization_loaded_model_mlat_64beacons_1000instances_free.
pdf>


[47]

[48]

[49]
Overfull \hbox (1.45848pt too wide) in paragraph at lines 2178--2181
 []\OT1/cmr/bx/n/10.95 Post-Installation Cal-i-bra-tion (Pro-posed)[] \OT1/cmr/
m/n/10.95 Af-ter de-ploy-ing bea-cons, anchor-
 []



[50]

[51]
Chapter 6.


[52

]
File: ../images/sensitivity_uav_vs_beacon.pdf Graphic file (type pdf)
<../images/sensitivity_uav_vs_beacon.pdf>

Overfull \hbox (4.7307pt too wide) in paragraph at lines 2270--2273
 []\OT1/cmr/bx/n/10.95 Moderate Er-ror Prop-a-ga-tion[] \OT1/cmr/m/n/10.95 UAV 
lo-cal-iza-tion er-ror in-creases ap-prox-i-mately
 []



[53]
File: ../images/diagonal_beacon0m_path.pdf Graphic file (type pdf)
<../images/diagonal_beacon0m_path.pdf>
File: ../images/diagonal_beacon200m_path.pdf Graphic file (type pdf)
<../images/diagonal_beacon200m_path.pdf>


[54]
File: ../images/diagonal_beacon200m_error_timeline.pdf Graphic file (type pdf)
<../images/diagonal_beacon200m_error_timeline.pdf>
File: ../images/diagonal_beacon200m_error_dist.pdf Graphic file (type pdf)
<../images/diagonal_beacon200m_error_dist.pdf>
File: ../images/circular_beacon0m_path.pdf Graphic file (type pdf)
<../images/circular_beacon0m_path.pdf>
File: ../images/circular_beacon200m_path.pdf Graphic file (type pdf)
<../images/circular_beacon200m_path.pdf>


[55]
File: ../images/circular_beacon200m_error_timeline.pdf Graphic file (type pdf)
<../images/circular_beacon200m_error_timeline.pdf>
File: ../images/circular_beacon200m_error_dist.pdf Graphic file (type pdf)
<../images/circular_beacon200m_error_dist.pdf>
File: ../images/area_sweep_beacon0m_path.pdf Graphic file (type pdf)
<../images/area_sweep_beacon0m_path.pdf>
File: ../images/area_sweep_beacon200m_path.pdf Graphic file (type pdf)
<../images/area_sweep_beacon200m_path.pdf>
File: ../images/area_sweep_beacon200m_error_timeline.pdf Graphic file (type pdf
)
<../images/area_sweep_beacon200m_error_timeline.pdf>
File: ../images/area_sweep_beacon200m_error_dist.pdf Graphic file (type pdf)
<../images/area_sweep_beacon200m_error_dist.pdf>


[56]

[57]
File: ../images/geometric_stability.pdf Graphic file (type pdf)
<../images/geometric_stability.pdf>


[58]

[59]

[60]
Chapter 7.

Overfull \hbox (1.86621pt too wide) in paragraph at lines 2625--2628
\OT1/cmr/m/n/10.95 This the-sis has in-ves-ti-gated the fea-si-bil-ity of us-in
g Low-Power Wide-Area (LPWA)
 []



[61

]
Overfull \hbox (1.65343pt too wide) in paragraph at lines 2658--2659
[]\OT1/cmr/m/n/10.95 The method demon-strates ro-bust-ness to the se-vere sig-n
al at-ten-u-a-tion caused
 []


Overfull \hbox (0.177pt too wide) in paragraph at lines 2671--2674
\OT1/cmr/m/n/10.95 LoRa-based po-si-tion-ing can-not match GNSS pre-ci-sion, it
 pro-vides a vi-able backup
 []


Overfull \hbox (5.10597pt too wide) in paragraph at lines 2684--2687
 []\OT1/cmr/bx/n/10.95 Simulation-Based Eval-u-a-tion[] \OT1/cmr/m/n/10.95 The 
in-fras-truc-ture self-localization (Chap-ter [][][][])
 []


Overfull \hbox (4.11015pt too wide) in paragraph at lines 2689--2691
 []\OT1/cmr/bx/n/10.95 Accuracy Lim-i-ta-tions[] \OT1/cmr/m/n/10.95 The achieve
d lo-cal-iza-tion ac-cu-racy, ap-prox-i-mately 120--
 []



[62]

[63] (./paper.bbl

[64]
LaTeX Font Info:    Font shape `JT1/gt/m/it' in size <10.95> not available
(Font)              Font shape `JT1/gt/m/n' tried instead on input line 6.
LaTeX Font Info:    Font shape `JY1/gt/m/it' in size <10.95> not available
(Font)              Font shape `JY1/gt/m/n' tried instead on input line 6.


[65

]

[66])

[67] (./paper.aux)
 ***********
pLaTeX2e <2023-02-14>+1, based on
LaTeX2e <2024-11-01> patch level 2
L3 programming layer <2025-01-18>
 ***********
Package rerunfilecheck Info: File `paper.out' has not changed.
(rerunfilecheck)             Checksum: 0B5076EEC30953B6EB3B1A5EECF2DBF3;20215.
 ) 
Here is how much of TeX's memory you used:
 12232 strings out of 473836
 203655 string characters out of 5731190
 627137 words of memory out of 5000000
 35279 multiletter control sequences out of 15000+600000
 577160 words of font info for 109 fonts, out of 8000000 for 9000
 929 hyphenation exceptions out of 8191
 72i,11n,79p,600b,643s stack positions out of 10000i,1000n,20000p,200000b,200000s

Output written on paper.dvi (74 pages, 415236 bytes).
